Analyzing MuslimLifeAI_demo...                                  

   info - Dangling library doc comment - lib\models\quran_display_names.dart:1:1 - dangling_library_doc_comments
   info - 'withOpacity' is deprecated and shouldn't be used. Use .withValues() to avoid precision loss - lib\screens\analytics_screen.dart:83:52 - deprecated_member_use
   info - 'withOpacity' is deprecated and shouldn't be used. Use .withValues() to avoid precision loss - lib\screens\analytics_screen.dart:116:42 - deprecated_member_use
   info - 'withOpacity' is deprecated and shouldn't be used. Use .withValues() to avoid precision loss - lib\screens\analytics_screen.dart:153:68 - deprecated_member_use
   info - 'withOpacity' is deprecated and shouldn't be used. Use .withValues() to avoid precision loss - lib\screens\analytics_screen.dart:158:48 - deprecated_member_use
   info - 'withOpacity' is deprecated and shouldn't be used. Use .withValues() to avoid precision loss - lib\screens\chat_screen.dart:135:65 - deprecated_member_use
   info - 'withOpacity' is deprecated and shouldn't be used. Use .withValues() to avoid precision loss - lib\screens\chat_screen.dart:135:97 - deprecated_member_use
   info - 'withOpacity' is deprecated and shouldn't be used. Use .withValues() to avoid precision loss - lib\screens\chat_screen.dart:143:67 - deprecated_member_use
   info - 'withOpacity' is deprecated and shouldn't be used. Use .withValues() to avoid precision loss - lib\screens\chat_screen.dart:194:68 - deprecated_member_use
   info - 'withOpacity' is deprecated and shouldn't be used. Use .withValues() to avoid precision loss - lib\screens\community_screen.dart:30:41 - deprecated_member_use
   info - 'withOpacity' is deprecated and shouldn't be used. Use .withValues() to avoid precision loss - lib\screens\community_screen.dart:117:39 - deprecated_member_use
   info - 'withOpacity' is deprecated and shouldn't be used. Use .withValues() to avoid precision loss - lib\screens\community_screen.dart:118:34 - deprecated_member_use
   info - 'withOpacity' is deprecated and shouldn't be used. Use .withValues() to avoid precision loss - lib\screens\community_screen.dart:152:35 - deprecated_member_use
   info - 'withOpacity' is deprecated and shouldn't be used. Use .withValues() to avoid precision loss - lib\screens\dashboard_screen.dart:93:46 - deprecated_member_use
   info - 'withOpacity' is deprecated and shouldn't be used. Use .withValues() to avoid precision loss - lib\screens\dashboard_screen.dart:119:49 - deprecated_member_use
   info - 'withOpacity' is deprecated and shouldn't be used. Use .withValues() to avoid precision loss - lib\screens\hadith_screen.dart:96:35 - deprecated_member_use
   info - 'withOpacity' is deprecated and shouldn't be used. Use .withValues() to avoid precision loss - lib\screens\hadith_screen.dart:163:30 - deprecated_member_use
   info - 'withOpacity' is deprecated and shouldn't be used. Use .withValues() to avoid precision loss - lib\screens\hadith_screen.dart:165:49 - deprecated_member_use
warning - Unused import: 'package:muslim_life_ai_demo/screens/qibla_screen.dart' - lib\screens\home_tab.dart:10:8 - unused_import
warning - The value of the field '_errorMessage' isn't used - lib\screens\home_tab.dart:26:11 - unused_field
warning - The declaration '_getArabicName' isn't referenced - lib\screens\home_tab.dart:220:10 - unused_element
warning - Unused import: 'package:muslim_life_ai_demo/screens/dashboard_screen.dart' - lib\screens\intro_screen.dart:5:8 - unused_import
   info - 'withOpacity' is deprecated and shouldn't be used. Use .withValues() to avoid precision loss - lib\screens\intro_screen.dart:214:60 - deprecated_member_use
   info - Use 'const' with the constructor to improve performance - lib\screens\landing_page.dart:248:26 - prefer_const_constructors
   info - Use 'const' with the constructor to improve performance - lib\screens\landing_page.dart:250:28 - prefer_const_constructors
   info - 'withOpacity' is deprecated and shouldn't be used. Use .withValues() to avoid precision loss - lib\screens\login_screen.dart:140:46 - deprecated_member_use
   info - 'withOpacity' is deprecated and shouldn't be used. Use .withValues() to avoid precision loss - lib\screens\login_screen.dart:150:44 - deprecated_member_use
   info - 'withOpacity' is deprecated and shouldn't be used. Use .withValues() to avoid precision loss - lib\screens\login_screen.dart:306:33 - deprecated_member_use
   info - 'withOpacity' is deprecated and shouldn't be used. Use .withValues() to avoid precision loss - lib\screens\mission_screen.dart:66:58 - deprecated_member_use
   info - 'withOpacity' is deprecated and shouldn't be used. Use .withValues() to avoid precision loss - lib\screens\mission_screen.dart:104:58 - deprecated_member_use
warning - Unused import: 'package:just_audio/just_audio.dart' - lib\screens\prayer_times_screen.dart:2:8 - unused_import
warning - The value of the field '_lastAutoAdhanTime' isn't used - lib\screens\prayer_times_screen.dart:29:13 - unused_field
warning - The value of the local variable 'now' isn't used - lib\screens\prayer_times_screen.dart:114:13 - unused_local_variable
   info - 'withOpacity' is deprecated and shouldn't be used. Use .withValues() to avoid precision loss - lib\screens\prayer_times_screen.dart:349:73 - deprecated_member_use
   info - 'withOpacity' is deprecated and shouldn't be used. Use .withValues() to avoid precision loss - lib\screens\prayer_times_screen.dart:351:54 - deprecated_member_use
   info - Use 'const' with the constructor to improve performance - lib\screens\prayer_times_screen.dart:378:18 - prefer_const_constructors
   info - Use 'const' literals as arguments to constructors of '@immutable' classes - lib\screens\prayer_times_screen.dart:380:29 - prefer_const_literals_to_create_immutables
   info - Use 'const' with the constructor to improve performance - lib\screens\prayer_times_screen.dart:381:21 - prefer_const_constructors
   info - Use 'const' with the constructor to improve performance - lib\screens\prayer_times_screen.dart:382:21 - prefer_const_constructors
   info - Use 'const' with the constructor to improve performance - lib\screens\prayer_times_screen.dart:383:21 - prefer_const_constructors
   info - Use 'const' with the constructor to improve performance - lib\screens\prayer_times_screen.dart:385:30 - prefer_const_constructors
   info - 'withOpacity' is deprecated and shouldn't be used. Use .withValues() to avoid precision loss - lib\screens\prayer_times_screen.dart:405:49 - deprecated_member_use
   info - 'withOpacity' is deprecated and shouldn't be used. Use .withValues() to avoid precision loss - lib\screens\prayer_times_screen.dart:406:62 - deprecated_member_use
   info - 'withOpacity' is deprecated and shouldn't be used. Use .withValues() to avoid precision loss - lib\screens\prayer_times_screen.dart:470:62 - deprecated_member_use
   info - Don't use 'BuildContext's across async gaps - lib\screens\prayer_times_screen.dart:572:30 - use_build_context_synchronously
warning - Unused import: 'package:permission_handler/permission_handler.dart' - lib\screens\qibla_screen.dart:8:8 - unused_import
warning - Unused import: 'package:flutter_animate/flutter_animate.dart' - lib\screens\qibla_screen.dart:11:8 - unused_import
warning - Unused import: 'package:vector_math/vector_math.dart' - lib\screens\qibla_screen.dart:14:8 - unused_import
warning - The value of the field '_hasPermissions' isn't used - lib\screens\qibla_screen.dart:24:8 - unused_field
   info - 'desiredAccuracy' is deprecated and shouldn't be used. use settings parameter with AndroidSettings, AppleSettings, WebSettings, or LocationSettings - lib\screens\qibla_screen.dart:82:9 - deprecated_member_use
   info - 'timeLimit' is deprecated and shouldn't be used. use settings parameter with AndroidSettings, AppleSettings, WebSettings, or LocationSettings - lib\screens\qibla_screen.dart:83:9 - deprecated_member_use
   info - 'textScaleFactor' is deprecated and shouldn't be used. Use textScaler instead. Use of textScaleFactor was deprecated in preparation for the upcoming nonlinear text scaling support. This feature was deprecated after v3.12.0-2.0.pre - lib\screens\qibla_screen.dart:290:33 - deprecated_member_use
   info - 'withOpacity' is deprecated and shouldn't be used. Use .withValues() to avoid precision loss - lib\screens\qibla_screen.dart:335:39 - deprecated_member_use
   info - 'withOpacity' is deprecated and shouldn't be used. Use .withValues() to avoid precision loss - lib\screens\qibla_screen.dart:354:44 - deprecated_member_use
   info - Use 'const' with the constructor to improve performance - lib\screens\qibla_screen.dart:460:14 - prefer_const_constructors
   info - Use 'const' literals as arguments to constructors of '@immutable' classes - lib\screens\qibla_screen.dart:461:20 - prefer_const_literals_to_create_immutables
   info - 'withOpacity' is deprecated and shouldn't be used. Use .withValues() to avoid precision loss - lib\screens\qibla_screen.dart:518:59 - deprecated_member_use
   info - 'withOpacity' is deprecated and shouldn't be used. Use .withValues() to avoid precision loss - lib\screens\qibla_screen.dart:518:90 - deprecated_member_use
   info - 'withOpacity' is deprecated and shouldn't be used. Use .withValues() to avoid precision loss - lib\screens\qibla_screen.dart:519:65 - deprecated_member_use
warning - Unused import: 'package:muslim_life_ai_demo/widgets/glass_card.dart' - lib\screens\quran_home_screen.dart:11:8 - unused_import
   info - The private field _selectedTabIndex could be 'final' - lib\screens\quran_home_screen.dart:24:7 - prefer_final_fields
warning - The value of the field '_ayahNavigationTarget' isn't used - lib\screens\quran_home_screen.dart:31:11 - unused_field
warning - The value of the field '_audioService' isn't used - lib\screens\quran_home_screen.dart:32:29 - unused_field
warning - The declaration '_showModeSelectionDialog' isn't referenced - lib\screens\quran_home_screen.dart:219:8 - unused_element
   info - Use 'const' with the constructor to improve performance - lib\screens\quran_home_screen.dart:473:19 - prefer_const_constructors
   info - Use 'const' literals as arguments to constructors of '@immutable' classes - lib\screens\quran_home_screen.dart:476:20 - prefer_const_literals_to_create_immutables
   info - Use 'const' with the constructor to improve performance - lib\screens\quran_home_screen.dart:476:21 - prefer_const_constructors
warning - The value of the local variable 'pageNum' isn't used - lib\screens\quran_home_screen.dart:510:11 - unused_local_variable
   info - 'withOpacity' is deprecated and shouldn't be used. Use .withValues() to avoid precision loss - lib\screens\quran_home_screen.dart:525:31 - deprecated_member_use
   info - 'withOpacity' is deprecated and shouldn't be used. Use .withValues() to avoid precision loss - lib\screens\quran_home_screen.dart:527:50 - deprecated_member_use
   info - 'withOpacity' is deprecated and shouldn't be used. Use .withValues() to avoid precision loss - lib\screens\quran_home_screen.dart:540:39 - deprecated_member_use
   info - 'withOpacity' is deprecated and shouldn't be used. Use .withValues() to avoid precision loss - lib\screens\quran_home_screen.dart:737:27 - deprecated_member_use
   info - 'withOpacity' is deprecated and shouldn't be used. Use .withValues() to avoid precision loss - lib\screens\quran_home_screen.dart:739:27 - deprecated_member_use
   info - 'withOpacity' is deprecated and shouldn't be used. Use .withValues() to avoid precision loss - lib\screens\quran_home_screen.dart:740:27 - deprecated_member_use
   info - 'withOpacity' is deprecated and shouldn't be used. Use .withValues() to avoid precision loss - lib\screens\quran_home_screen.dart:746:54 - deprecated_member_use
warning - The declaration '_buildReciterAvatar' isn't referenced - lib\screens\quran_home_screen.dart:785:10 - unused_element
warning - Unused import: 'package:just_audio/just_audio.dart' - lib\screens\quran_read_mode.dart:4:8 - unused_import
warning - Unused import: 'package:muslim_life_ai_demo/screens/quran_screen.dart' - lib\screens\quran_read_mode.dart:13:8 - unused_import
warning - The value of the field '_durationSubscription' isn't used - lib\screens\quran_read_mode.dart:41:23 - unused_field
warning - The value of the field '_currentSurahName' isn't used - lib\screens\quran_read_mode.dart:45:15 - unused_field
   info - The private field _isPageView could be 'final' - lib\screens\quran_read_mode.dart:59:8 - prefer_final_fields
warning - The value of the field '_startPage' isn't used - lib\screens\quran_read_mode.dart:61:7 - unused_field
warning - The value of the field '_endPage' isn't used - lib\screens\quran_read_mode.dart:62:7 - unused_field
warning - The '!' will have no effect because the receiver can't be null - lib\screens\quran_read_mode.dart:328:35 - unnecessary_non_null_assertion
warning - The value of the local variable 'maxWidth' isn't used - lib\screens\quran_read_mode.dart:399:30 - unused_local_variable
   info - Don't use 'BuildContext's across async gaps - lib\screens\quran_read_mode.dart:400:56 - use_build_context_synchronously
warning - The value of the local variable 'visibleBottom' isn't used - lib\screens\quran_read_mode.dart:444:30 - unused_local_variable
warning - The value of the local variable 'glassColor' isn't used - lib\screens\quran_read_mode.dart:541:11 - unused_local_variable
   info - 'withOpacity' is deprecated and shouldn't be used. Use .withValues() to avoid precision loss - lib\screens\quran_read_mode.dart:541:52 - deprecated_member_use
warning - The value of the local variable 'borderColor' isn't used - lib\screens\quran_read_mode.dart:542:11 - unused_local_variable
   info - Use 'const' with the constructor to improve performance - lib\screens\quran_read_mode.dart:553:22 - prefer_const_constructors
   info - Use 'const' with the constructor to improve performance - lib\screens\quran_read_mode.dart:553:36 - prefer_const_constructors
   info - 'withOpacity' is deprecated and shouldn't be used. Use .withValues() to avoid precision loss - lib\screens\quran_read_mode.dart:607:41 - deprecated_member_use
   info - 'withOpacity' is deprecated and shouldn't be used. Use .withValues() to avoid precision loss - lib\screens\quran_read_mode.dart:632:48 - deprecated_member_use
   info - 'withOpacity' is deprecated and shouldn't be used. Use .withValues() to avoid precision loss - lib\screens\quran_read_mode.dart:684:67 - deprecated_member_use
   info - 'activeColor' is deprecated and shouldn't be used. Use activeThumbColor instead. This feature was deprecated after v3.31.0-2.0.pre - lib\screens\quran_read_mode.dart:878:19 - deprecated_member_use
warning - The declaration '_buildAccessibilityControls' isn't referenced - lib\screens\quran_read_mode.dart:975:10 - unused_element
warning - The value of the local variable 'targetSurahId' isn't used - lib\screens\quran_read_mode.dart:1038:29 - unused_local_variable
   info - 'withOpacity' is deprecated and shouldn't be used. Use .withValues() to avoid precision loss - lib\screens\quran_read_mode.dart:1099:50 - deprecated_member_use
   info - Use 'const' with the constructor to improve performance - lib\screens\quran_read_mode.dart:1107:23 - prefer_const_constructors
   info - Use 'const' with the constructor to improve performance - lib\screens\quran_read_mode.dart:1109:32 - prefer_const_constructors
   info - Use 'const' for final variables initialized to a constant value - lib\screens\quran_read_mode.dart:1302:5 - prefer_const_declarations
warning - The value of the local variable 'bgColor' isn't used - lib\screens\quran_read_mode.dart:1303:11 - unused_local_variable
   info - 'withOpacity' is deprecated and shouldn't be used. Use .withValues() to avoid precision loss - lib\screens\quran_read_mode.dart:1320:60 - deprecated_member_use
   info - 'withOpacity' is deprecated and shouldn't be used. Use .withValues() to avoid precision loss - lib\screens\quran_read_mode.dart:1347:56 - deprecated_member_use
   info - 'withOpacity' is deprecated and shouldn't be used. Use .withValues() to avoid precision loss - lib\screens\quran_read_mode.dart:1409:63 - deprecated_member_use
warning - Unused import: 'package:just_audio/just_audio.dart' - lib\screens\quran_screen.dart:2:8 - unused_import
warning - Unused import: 'package:muslim_life_ai_demo/models/quran_ayah.dart' - lib\screens\quran_screen.dart:9:8 - unused_import
   info - Don't use 'BuildContext's across async gaps, guarded by an unrelated 'mounted' check - lib\screens\quran_screen.dart:156:33 - use_build_context_synchronously
   info - Unnecessary use of 'toList' in a spread - lib\screens\quran_screen.dart:159:16 - unnecessary_to_list_in_spreads
   info - 'withOpacity' is deprecated and shouldn't be used. Use .withValues() to avoid precision loss - lib\screens\quran_screen.dart:220:47 - deprecated_member_use
   info - 'withOpacity' is deprecated and shouldn't be used. Use .withValues() to avoid precision loss - lib\screens\quran_screen.dart:246:74 - deprecated_member_use
   info - 'withOpacity' is deprecated and shouldn't be used. Use .withValues() to avoid precision loss - lib\screens\quran_screen.dart:371:53 - deprecated_member_use
   info - 'withOpacity' is deprecated and shouldn't be used. Use .withValues() to avoid precision loss - lib\screens\quran_screen.dart:403:54 - deprecated_member_use
warning - Unused import: 'dart:io' - lib\services\ai_chat_service.dart:2:8 - unused_import
   info - 'desiredAccuracy' is deprecated and shouldn't be used. use settings parameter with AndroidSettings, AppleSettings, WebSettings, or LocationSettings - lib\services\prayer_service.dart:107:13 - deprecated_member_use
   info - 'timeLimit' is deprecated and shouldn't be used. use settings parameter with AndroidSettings, AppleSettings, WebSettings, or LocationSettings - lib\services\prayer_service.dart:108:13 - deprecated_member_use
warning - Unused import: 'dart:io' - lib\services\unified_audio_service.dart:3:8 - unused_import
warning - Unused import: 'package:path_provider/path_provider.dart' - lib\services\unified_audio_service.dart:11:8 - unused_import
warning - The value of the field '_playerStateSubscription' isn't used - lib\services\unified_audio_service.dart:35:23 - unused_field
warning - The value of the field '_positionSubscription' isn't used - lib\services\unified_audio_service.dart:36:23 - unused_field
warning - The value of the field '_durationSubscription' isn't used - lib\services\unified_audio_service.dart:37:23 - unused_field
   info - Don't return 'null' from a function with a return type of 'void' - lib\services\unified_audio_service.dart:72:16 - avoid_returning_null_for_void
   info - 'background' is deprecated and shouldn't be used. Use surface instead. This feature was deprecated after v3.18.0-0.1.pre - lib\theme\app_theme.dart:22:9 - deprecated_member_use
   info - 'textScaleFactor' is deprecated and shouldn't be used. Use textScaler instead. Use of textScaleFactor was deprecated in preparation for the upcoming nonlinear text scaling support. This feature was deprecated after v3.12.0-2.0.pre - lib\widgets\ai_insight_carousel.dart:128:45 - deprecated_member_use
   info - 'withOpacity' is deprecated and shouldn't be used. Use .withValues() to avoid precision loss - lib\widgets\ai_insight_carousel.dart:171:36 - deprecated_member_use
   info - 'withOpacity' is deprecated and shouldn't be used. Use .withValues() to avoid precision loss - lib\widgets\ai_insight_carousel.dart:201:34 - deprecated_member_use
   info - 'withOpacity' is deprecated and shouldn't be used. Use .withValues() to avoid precision loss - lib\widgets\ai_insight_carousel.dart:270:64 - deprecated_member_use
warning - Unused import: 'package:muslim_life_ai_demo/theme/app_theme.dart' - lib\widgets\glass_card.dart:3:8 - unused_import
   info - 'withOpacity' is deprecated and shouldn't be used. Use .withValues() to avoid precision loss - lib\widgets\glass_card.dart:34:35 - deprecated_member_use
   info - 'withOpacity' is deprecated and shouldn't be used. Use .withValues() to avoid precision loss - lib\widgets\glass_card.dart:36:64 - deprecated_member_use
   info - 'withOpacity' is deprecated and shouldn't be used. Use .withValues() to avoid precision loss - lib\widgets\grid_painter.dart:16:35 - deprecated_member_use
   info - 'withOpacity' is deprecated and shouldn't be used. Use .withValues() to avoid precision loss - lib\widgets\milestone_share_card.dart:26:41 - deprecated_member_use
   info - 'withOpacity' is deprecated and shouldn't be used. Use .withValues() to avoid precision loss - lib\widgets\milestone_share_card.dart:64:56 - deprecated_member_use
   info - 'withOpacity' is deprecated and shouldn't be used. Use .withValues() to avoid precision loss - lib\widgets\milestone_share_card.dart:88:50 - deprecated_member_use
  error - The name 'MyApp' isn't a class - test\widget_test.dart:16:35 - creation_with_non_type
   info - Don't invoke 'print' in production code - test_quran.dart:4:3 - avoid_print
   info - Don't invoke 'print' in production code - test_quran.dart:5:3 - avoid_print
   info - Don't invoke 'print' in production code - test_quran.dart:6:3 - avoid_print

flutter : 139 issues found. (ran in 10.1s)
At line:1 char:1
+ flutter analyze > errors.txt 2>&1 ; grep "error -" errors.txt
+ ~~~~~~~~~~~~~~~~~~~~~~~~~~~~~~~~~
    + CategoryInfo          : NotSpecified: (139 issues found. (ran in 10.1 
   s):String) [], RemoteException
    + FullyQualifiedErrorId : NativeCommandError
 
