00:00 +0: loading D:/solutions/MuslimLifeAI_demo/test/quran_read_mode_check.dart
00:00 +0: QuranReadMode Inspire UI Check
UnifiedAudioService: Fetching precision timestamps for Surah 1...
══╡ EXCEPTION CAUGHT BY FLUTTER TEST FRAMEWORK ╞════════════════════════════════════════════════════
The following TestFailure was thrown running a test:
Expected: exactly one matching candidate
  Actual: _WidgetPredicateWidgetFinder:<Found 0 widgets with widget matching predicate: []>
   Which: means none were found but one was expected
Gold Arabic Title should be visible

When the exception was thrown, this was the stack:
#4      main.<anonymous closure> (file:///D:/solutions/MuslimLifeAI_demo/test/quran_read_mode_check.dart:70:5)
<asynchronous suspension>
#5      testWidgets.<anonymous closure>.<anonymous closure> (package:flutter_test/src/widget_tester.dart:192:15)
<asynchronous suspension>
#6      TestWidgetsFlutterBinding._runTestBody (package:flutter_test/src/binding.dart:1059:5)
<asynchronous suspension>
<asynchronous suspension>
(elided one frame from package:stack_trace)

This was caught by the test expectation on the following line:
  file:///D:/solutions/MuslimLifeAI_demo/test/quran_read_mode_check.dart line 70
The test description was:
  QuranReadMode Inspire UI Check
════════════════════════════════════════════════════════════════════════════════════════════════════
00:00 +0 -1: QuranReadMode Inspire UI Check [E]
  Test failed. See exception logs above.
  The test description was: QuranReadMode Inspire UI Check
  
Warning: At least one test in this suite creates an HttpClient. When running a test suite that uses
TestWidgetsFlutterBinding, all HTTP requests will return status code 400, and no network request
will actually be made. Any test expecting a real network connection and status code will fail.
To test code that needs an HttpClient, provide your own HttpClient implementation to the code under
test, so that your test can consistently provide a testable response to the code under test.
00:00 +0 -1: Some tests failed.
